// Jest Snapshot v1, https://goo.gl/fbAQLP

exports[`store should have proper default state 1`] = `
Object {
  "counter": 0,
}
`;
