// Jest Snapshot v1, https://goo.gl/fbAQLP

exports[`createRootReducer return default state 1`] = `
Object {
  "counter": 0,
}
`;
